after 390 / 200
after 768 / 200
after 1440 / 200
after 390 /about 200
after 768 /about 200
after 1440 /about 200
after 1440 /accessibility 200
after 768 /accessibility 200
after 390 /accessibility 200
after 768 /account 200
after 390 /account 200
after 1440 /account 200
after 768 /admin 200
after 390 /admin 200
after 1440 /admin 200
after 768 /aesthetic-disclaimer 200
after 1440 /aesthetic-disclaimer 200
after 390 /aesthetic-disclaimer 200
after 768 /booking-policy 200
after 1440 /booking-policy 200
after 390 /booking-policy 200
after 768 /cart 200
after 1440 /cart 200
after 390 /cart 200
after 768 /consultation 200
after 390 /consultation 200
after 1440 /consultation 200
after 390 /contact 200
after 768 /contact 200
after 1440 /contact 200
after 768 /cookies 200
after 390 /cookies 200
after 1440 /cookies 200
after 1440 /favorites 200
after 768 /favorites 200
after 768 /help 200
after 1440 /help 200
after 768 /how-it-works 200
after 1440 /how-it-works 200
after 390 /favorites 200
after 768 /ingredients 200
after 390 /help 200
after 1440 /ingredients 200
after 390 /how-it-works 200
after 1440 /journal 200
after 768 /journal 200
after 390 /ingredients 200
after 768 /privacy 200
after 1440 /privacy 200
after 390 /journal 200
after 768 /quiz 200
after 1440 /quiz 200
after 390 /privacy 200
after 768 /returns 200
after 1440 /returns 200
after 390 /quiz 200
after 768 /routine 200
after 1440 /routine 200
after 390 /returns 200
after 768 /search 200
after 768 /shipping 200
after 390 /routine 200
after 1440 /search 200
after 390 /search 200
after 1440 /shipping 200
after 768 /shop 200
after 390 /shipping 200
after 768 /skin-concerns 200
after 1440 /shop 200
after 1440 /skin-concerns 200
after 768 /skin-quiz 200
after 390 /shop 200
after 768 /terms 200
after 1440 /skin-quiz 200
after 390 /skin-concerns 200
after 1440 /terms 200
after 390 /skin-quiz 200
after 390 /terms 200
after 1440 /virtual-consultation 200
after 1440 /virtual-consultation/success 200
after 768 /virtual-consultation 200
after 390 /virtual-consultation 200
after 768 /virtual-consultation/success 200
after 1440 /consultation/results 200
after 390 /virtual-consultation/success 200
after 768 /consultation/results 200
after 390 /consultation/results 200
after 1440 /cart/confirmation 200
after 768 /cart/confirmation 200
after 390 /cart/confirmation 200
after 1440 /admin/analytics 200
after 768 /admin/analytics 200
after 390 /admin/analytics 200
after 1440 /admin/appointments 200
after 768 /admin/appointments 200
after 1440 /admin/consultations 200
after 390 /admin/appointments 200
after 768 /admin/consultations 200
after 1440 /admin/discounts 200
after 390 /admin/consultations 200
after 768 /admin/discounts 200
after 1440 /admin/emails 200
after 390 /admin/discounts 200
after 768 /admin/emails 200
after 1440 /admin/fulfillment 200
after 390 /admin/emails 200
after 768 /admin/fulfillment 200
after 390 /admin/fulfillment 200
after 1440 /admin/import 200
after 768 /admin/import 200
after 390 /admin/import 200
after 1440 /admin/integrations 200
after 768 /admin/integrations 200
after 1440 /admin/login 200
after 390 /admin/integrations 200
after 768 /admin/login 200
after 390 /admin/login 200
after 1440 /admin/orders 200
after 768 /admin/orders 200
after 1440 /admin/products 200
after 390 /admin/orders 200
after 768 /admin/products 200
after 390 /admin/products 200
after 1440 /admin/sync 200
after 768 /admin/sync 200
after 390 /admin/sync 200
after 1440 /admin/system 200
after 768 /admin/system 200
after 1440 /admin/products/new 200
after 390 /admin/system 200
after 768 /admin/products/new 200
after 390 /admin/products/new 200
after 1440 /account/login 200
after 1440 /account/reset 200
after 768 /account/login 200
after 390 /account/login 200
after 768 /account/reset 200
after 1440 /shop/green-tea-citrus-cleanser 200
after 390 /account/reset 200
after 768 /shop/green-tea-citrus-cleanser 200
after 1440 /shop/mandelic-brightening-serum 200
after 390 /shop/green-tea-citrus-cleanser 200
after 768 /shop/mandelic-brightening-serum 200
after 1440 /shop/botanical-bloom-hydrating-mask 200
after 390 /shop/mandelic-brightening-serum 200
after 768 /shop/botanical-bloom-hydrating-mask 200
after 1440 /shop/ageless-moisturizer 200
after 390 /shop/botanical-bloom-hydrating-mask 200
after 1440 /shop/hydrating-skin-serum 200
after 768 /shop/ageless-moisturizer 200
after 390 /shop/ageless-moisturizer 200
after 1440 /shop/lip-treatment-peppermint 200
after 768 /shop/hydrating-skin-serum 200
after 390 /shop/hydrating-skin-serum 200
after 1440 /shop/lip-treatment-pomegranate 200
after 390 /shop/lip-treatment-peppermint 200
after 768 /shop/lip-treatment-peppermint 200
after 1440 /shop/sheer-protection-spf 200
after 768 /shop/lip-treatment-pomegranate 200
after 390 /shop/lip-treatment-pomegranate 200
after 1440 /shop/cucumber-hydration-toner 200
after 390 /shop/sheer-protection-spf 200
after 768 /shop/sheer-protection-spf 200
after 1440 /shop/acai-berry-moisturizer 200
after 768 /shop/cucumber-hydration-toner 200
after 390 /shop/cucumber-hydration-toner 200
after 1440 /shop/advanced-renewal-serum 200
after 390 /shop/acai-berry-moisturizer 200
after 768 /shop/acai-berry-moisturizer 200
after 1440 /shop/barrier-balancing-moisturizer 200
after 390 /shop/advanced-renewal-serum 200
after 768 /shop/advanced-renewal-serum 200
after 1440 /shop/blemish-spot-treatment 200
after 390 /shop/barrier-balancing-moisturizer 200
after 768 /shop/barrier-balancing-moisturizer 200
after 1440 /shop/charcoal-clay-cleanser 200
after 390 /shop/blemish-spot-treatment 200
after 768 /shop/blemish-spot-treatment 200
after 1440 /shop/citrus-c-nourishing-cream 200
after 390 /shop/charcoal-clay-cleanser 200
after 1440 /shop/clarifying-toner-pads 200
after 768 /shop/charcoal-clay-cleanser 200
after 390 /shop/citrus-c-nourishing-cream 200
after 1440 /shop/everyday-balance-travel-kit 200
after 768 /shop/citrus-c-nourishing-cream 200
after 390 /shop/clarifying-toner-pads 200
after 1440 /shop/fresh-face-travel-kit 200
after 390 /shop/everyday-balance-travel-kit 200
after 768 /shop/clarifying-toner-pads 200
after 1440 /shop/fully-quenched-travel-kit 200
after 390 /shop/fresh-face-travel-kit 200
after 768 /shop/everyday-balance-travel-kit 200
after 1440 /shop/glycolic-and-retinol-pads 200
after 390 /shop/fully-quenched-travel-kit 200
after 768 /shop/fresh-face-travel-kit 200
after 1440 /shop/glycolic-cleanser 200
after 768 /shop/fully-quenched-travel-kit 200
after 390 /shop/glycolic-and-retinol-pads 200
after 1440 /shop/honey-brightening-cleanser 200
after 768 /shop/glycolic-and-retinol-pads 200
after 390 /shop/glycolic-cleanser 200
after 1440 /shop/hydrating-moisturizer 200
after 390 /shop/honey-brightening-cleanser 200
after 768 /shop/glycolic-cleanser 200
after 1440 /shop/light-aloe-moisturizer 200
after 390 /shop/hydrating-moisturizer 200
after 768 /shop/honey-brightening-cleanser 200
after 1440 /shop/lip-balm-with-spf-15 200
after 390 /shop/light-aloe-moisturizer 200
after 768 /shop/hydrating-moisturizer 200
after 1440 /shop/mint-refining-toner 200
after 390 /shop/lip-balm-with-spf-15 200
after 768 /shop/light-aloe-moisturizer 200
after 1440 /shop/peptide-eye-serum 200
after 390 /shop/mint-refining-toner 200
after 768 /shop/lip-balm-with-spf-15 200
after 1440 /shop/peptide-moisturizer 200
after 390 /shop/peptide-eye-serum 200
after 768 /shop/mint-refining-toner 200
after 1440 /shop/pomegranate-antioxidant-cleanser 200
after 390 /shop/peptide-moisturizer 200
after 768 /shop/peptide-eye-serum 200
after 390 /shop/pomegranate-antioxidant-cleanser 200
after 1440 /shop/raspberry-refining-cleanser 200
after 768 /shop/peptide-moisturizer 200
after 390 /shop/raspberry-refining-cleanser 200
after 1440 /shop/raspberry-scrub 200
after 768 /shop/pomegranate-antioxidant-cleanser 200
after 390 /shop/raspberry-scrub 200
after 1440 /shop/retinol-exfoliating-scrub 200
after 390 /shop/retinol-exfoliating-scrub 200
after 768 /shop/raspberry-refining-cleanser 200
after 1440 /shop/revitalizing-cucumber-treatment 200
after 390 /shop/revitalizing-cucumber-treatment 200
after 768 /shop/raspberry-scrub 200
after 1440 /shop/tri-peptide-eye-cream 200
after 390 /shop/tri-peptide-eye-cream 200
after 768 /shop/retinol-exfoliating-scrub 200
after 1440 /shop/triple-c-serum 200
after 390 /shop/triple-c-serum 200
after 1440 /skin-concerns/breakouts-congestion 200
after 768 /shop/revitalizing-cucumber-treatment 200
after 390 /skin-concerns/breakouts-congestion 200
after 1440 /skin-concerns/uneven-tone 200
after 768 /shop/tri-peptide-eye-cream 200
after 390 /skin-concerns/uneven-tone 200
after 1440 /skin-concerns/dry-dehydrated 200
after 390 /skin-concerns/dry-dehydrated 200
after 1440 /skin-concerns/sensitive-reactive 200
after 768 /shop/triple-c-serum 200
after 390 /skin-concerns/sensitive-reactive 200
after 1440 /skin-concerns/fine-lines-firmness 200
after 768 /skin-concerns/breakouts-congestion 200
after 390 /skin-concerns/fine-lines-firmness 200
after 768 /skin-concerns/uneven-tone 200
after 1440 /skin-concerns/lips 200
after 390 /skin-concerns/lips 200
after 768 /skin-concerns/dry-dehydrated 200
after 1440 /skin-concerns/daily-protection 200
after 768 /skin-concerns/sensitive-reactive 200
after 390 /skin-concerns/daily-protection 200
after 1440 /journal/order-of-operations 200
after 390 /journal/order-of-operations 200
after 768 /skin-concerns/fine-lines-firmness 200
after 1440 /journal/introducing-an-active 200
after 390 /journal/introducing-an-active 200
after 768 /skin-concerns/lips 200
after 1440 /journal/dry-or-dehydrated 200
after 390 /journal/dry-or-dehydrated 200
after 768 /skin-concerns/daily-protection 200
after 1440 /journal/the-step-that-protects-the-rest 200
after 390 /journal/the-step-that-protects-the-rest 200
after 768 /journal/order-of-operations 200
after 1440 /shop?type=Cleanser 200
after 768 /journal/introducing-an-active 200
after 390 /shop?type=Cleanser 200
after 768 /journal/dry-or-dehydrated 200
after 768 /journal/the-step-that-protects-the-rest 200
after 768 /shop?type=Cleanser 200
after 768 /shop?concern=dehydration 200
after 1440 /shop?concern=dehydration 200
after 390 /shop?concern=dehydration 200
after 768 /routine?time=pm 200
after 390 /routine?time=pm 200
after 1440 /routine?time=pm 200
after 1440 /missing-green-audit 404
after 768 /missing-green-audit 404
after 390 /missing-green-audit 404
after 390 /virtual-consultation/intake/invalid-audit-token 200
after 1440 /virtual-consultation/intake/invalid-audit-token 200
after 768 /virtual-consultation/intake/invalid-audit-token 200
after 1440 /virtual-consultation/plan/invalid-audit-token 200
after 390 /virtual-consultation/plan/invalid-audit-token 200
after 768 /virtual-consultation/plan/invalid-audit-token 200
{"screens":294,"failures":0,"violations":0}
