
> dew-theory@0.1.0 contrast
> node --test tests/green-system.test.mjs

▶ green token WCAG contrast
  ✔ 900 on 50: 13.61 >= 4.5 (4.4723ms)
  ✔ 900 on 100: 12.21 >= 4.5 (0.5831ms)
  ✔ 900 on 200: 10.76 >= 4.5 (0.4816ms)
  ✔ 900 on 300: 8.92 >= 4.5 (1.6872ms)
  ✔ 900 on 400: 6.56 >= 4.5 (0.7412ms)
  ✔ 700 on 50: 6.99 >= 4.5 (0.3789ms)
  ✔ 700 on 100: 6.26 >= 4.5 (0.43ms)
  ✔ 700 on 200: 5.52 >= 4.5 (0.3778ms)
  ✔ 50 on 700: 6.99 >= 4.5 (0.4392ms)
  ✔ 50 on 900: 13.61 >= 4.5 (0.6176ms)
  ✔ 700 on 50: 6.99 >= 3 (0.306ms)
  ✔ 700 on 100: 6.26 >= 3 (0.1844ms)
  ✔ 700 on 200: 5.52 >= 3 (0.2307ms)
  ✔ 700 on 300: 4.58 >= 3 (0.4221ms)
✔ green token WCAG contrast (17.5532ms)
▶ green release integrity
  ✔ every catalog record has real required fields and resolvable images (35.1421ms)
  ✔ shipping rules remain $12 below $49 (0.8681ms)
  ✔ sizes and alt text are normalized without inventing missing sizes (0.7817ms)
  ✔ Acai placeholder is hidden (0.4623ms)
  ✔ header and footer are shared by every public route (1.2012ms)
  ✔ developer booking notes are production guarded (1.4478ms)
✔ green release integrity (40.7302ms)
ℹ tests 20
ℹ suites 2
ℹ pass 20
ℹ fail 0
ℹ cancelled 0
ℹ skipped 0
ℹ todo 0
ℹ duration_ms 441.297
