after/font-hints 390 / 200
after/font-hints 768 / 200
after/font-hints 1440 / 200
after/font-hints 1440 /about 200
after/font-hints 768 /about 200
after/font-hints 390 /about 200
after/font-hints 768 /accessibility 200
after/font-hints 390 /accessibility 200
after/font-hints 1440 /accessibility 200
after/font-hints 768 /account 200
after/font-hints 1440 /account 200
after/font-hints 390 /account 200
after/font-hints 390 /admin 200
after/font-hints 768 /admin 200
after/font-hints 1440 /admin 200
after/font-hints 390 /aesthetic-disclaimer 200
after/font-hints 1440 /aesthetic-disclaimer 200
after/font-hints 768 /aesthetic-disclaimer 200
after/font-hints 390 /booking-policy 200
after/font-hints 1440 /booking-policy 200
after/font-hints 768 /booking-policy 200
after/font-hints 390 /cart 200
after/font-hints 1440 /cart 200
after/font-hints 768 /cart 200
after/font-hints 390 /consultation 200
after/font-hints 1440 /consultation 200
after/font-hints 768 /consultation 200
after/font-hints 390 /contact 200
after/font-hints 1440 /contact 200
after/font-hints 768 /contact 200
after/font-hints 390 /cookies 200
after/font-hints 768 /cookies 200
after/font-hints 1440 /cookies 200
after/font-hints 390 /favorites 200
after/font-hints 768 /favorites 200
after/font-hints 1440 /favorites 200
after/font-hints 390 /help 200
after/font-hints 1440 /help 200
after/font-hints 768 /help 200
after/font-hints 390 /how-it-works 200
after/font-hints 768 /how-it-works 200
after/font-hints 1440 /how-it-works 200
after/font-hints 390 /ingredients 200
after/font-hints 768 /ingredients 200
after/font-hints 1440 /ingredients 200
after/font-hints 390 /journal 200
after/font-hints 768 /journal 200
after/font-hints 1440 /journal 200
after/font-hints 390 /privacy 200
after/font-hints 768 /privacy 200
after/font-hints 1440 /privacy 200
after/font-hints 390 /quiz 200
after/font-hints 768 /quiz 200
after/font-hints 390 /returns 200
after/font-hints 1440 /quiz 200
after/font-hints 768 /returns 200
after/font-hints 390 /routine 200
after/font-hints 1440 /returns 200
after/font-hints 768 /routine 200
after/font-hints 390 /search 200
after/font-hints 1440 /routine 200
after/font-hints 768 /search 200
after/font-hints 390 /shipping 200
after/font-hints 1440 /search 200
after/font-hints 768 /shipping 200
after/font-hints 1440 /shipping 200
after/font-hints 390 /shop 200
after/font-hints 768 /shop 200
after/font-hints 1440 /shop 200
after/font-hints 390 /skin-concerns 200
after/font-hints 768 /skin-concerns 200
after/font-hints 1440 /skin-concerns 200
after/font-hints 390 /skin-quiz 200
after/font-hints 768 /skin-quiz 200
after/font-hints 390 /terms 200
after/font-hints 1440 /skin-quiz 200
after/font-hints 768 /terms 200
after/font-hints 1440 /terms 200
after/font-hints 390 /virtual-consultation 200
after/font-hints 768 /virtual-consultation 200
after/font-hints 1440 /virtual-consultation 200
after/font-hints 390 /virtual-consultation/success 200
after/font-hints 768 /virtual-consultation/success 200
