/ Professional Skin Script Skincare []
SKIP TO CONTENT

FREE SHIPPING ON $49+ PRODUCT SUBTOTAL

DETAILS
SHOP
SKIN CONCERNS
ROUTINES
CONSULTATION
JOURNAL
ABOUT

PROFESSIONAL SKINCARE · PERSONALIZED

Y
/shop Shop Skin Script Skincare · Dew Theory []
SKIP TO CONTENT

FREE SHIPPING ON $49+ PRODUCT SUBTOTAL

DETAILS
SHOP
SKIN CONCERNS
ROUTINES
CONSULTATION
JOURNAL
ABOUT

SKIN SCRIPT

Shop

Skincare selected wi
/shop/green-tea-citrus-cleanser Green Tea Citrus Cleanser | Skin Script · Dew Theory []
SKIP TO CONTENT

FREE SHIPPING ON $49+ PRODUCT SUBTOTAL

DETAILS
SHOP
SKIN CONCERNS
ROUTINES
CONSULTATION
JOURNAL
ABOUT
HOME
/
SHOP
/
CLEANSER
/
GREEN TEA CITRU
