[revamp/green-system 4bd78d4] perf: reduce font and rail startup work with guarded QA previews
 68 files changed, 137835 insertions(+), 594 deletions(-)
 create mode 100644 app/fonts/Fraunces-SOFT100-variable.woff2
 create mode 100644 app/fonts/LICENSE.txt
 create mode 100644 app/fonts/OFL.txt
 create mode 100644 docs/revamp/branch-push.log
 create mode 100644 docs/revamp/build-inline-css.log
 create mode 100644 docs/revamp/inline-client-errors.log
 create mode 100644 docs/revamp/lighthouse-edge-preview.log
 create mode 100644 docs/revamp/lighthouse-edge-preview/home.html
 create mode 100644 docs/revamp/lighthouse-edge-preview/home.json
 create mode 100644 docs/revamp/lighthouse-edge-preview/product.html
 create mode 100644 docs/revamp/lighthouse-edge-preview/product.json
 create mode 100644 docs/revamp/lighthouse-edge-preview/shop.html
 create mode 100644 docs/revamp/lighthouse-edge-preview/shop.json
 create mode 100644 docs/revamp/lighthouse-edge-preview/summary.json
 create mode 100644 docs/revamp/lighthouse-font-preview.log
 create mode 100644 docs/revamp/lighthouse-font-preview/home.html
 create mode 100644 docs/revamp/lighthouse-font-preview/home.json
 create mode 100644 docs/revamp/lighthouse-font-preview/product.html
 create mode 100644 docs/revamp/lighthouse-font-preview/product.json
 create mode 100644 docs/revamp/lighthouse-font-preview/shop.html
 create mode 100644 docs/revamp/lighthouse-font-preview/shop.json
 create mode 100644 docs/revamp/lighthouse-font-preview/summary.json
 create mode 100644 docs/revamp/lighthouse-inline-preview.log
 create mode 100644 docs/revamp/lighthouse-inline-preview/home.html
 create mode 100644 docs/revamp/lighthouse-inline-preview/home.json
 create mode 100644 docs/revamp/lighthouse-inline-preview/product.html
 create mode 100644 docs/revamp/lighthouse-inline-preview/product.json
 create mode 100644 docs/revamp/lighthouse-inline-preview/shop.html
 create mode 100644 docs/revamp/lighthouse-inline-preview/shop.json
 create mode 100644 docs/revamp/lighthouse-inline-preview/summary.json
 create mode 100644 docs/revamp/lighthouse-inline-warm.log
 create mode 100644 docs/revamp/lighthouse-inline-warm/home.html
 create mode 100644 docs/revamp/lighthouse-inline-warm/home.json
 create mode 100644 docs/revamp/lighthouse-inline-warm/product.html
 create mode 100644 docs/revamp/lighthouse-inline-warm/product.json
 create mode 100644 docs/revamp/lighthouse-inline-warm/shop.html
 create mode 100644 docs/revamp/lighthouse-inline-warm/shop.json
 create mode 100644 docs/revamp/lighthouse-inline-warm/summary.json
 create mode 100644 docs/revamp/lint-font.log
 create mode 100644 docs/revamp/opennext-font.log
 create mode 100644 docs/revamp/opennext-inline-complete.log
 create mode 100644 docs/revamp/opennext-inline-css.log
 create mode 100644 docs/revamp/opennext-rail.log
 create mode 100644 docs/revamp/provider-font-upload.log
 create mode 100644 docs/revamp/provider-font-zero-traffic.log
 create mode 100644 docs/revamp/provider-inline-upload.log
 create mode 100644 docs/revamp/provider-inline-zero-traffic.log
 create mode 100644 docs/revamp/provider-preview-reupload.log
 create mode 100644 docs/revamp/provider-preview-version.json
 create mode 100644 docs/revamp/provider-zero-traffic-preview.log
 create mode 100644 docs/revamp/release-gates.json
 create mode 100644 docs/revamp/release-gates.log
 create mode 100644 docs/revamp/typecheck-font.log
 create mode 100644 scripts/revamp-release-gates.mjs
