
 ⛅️ wrangler 4.112.0 (update available 4.144.0)
───────────────────────────────────────────────
╭ Deploy Worker Versions by splitting traffic between multiple versions
│
├ Fetching latest deployment
│
├ Your current deployment has 1 version(s):
│
│ (100%) 2815c88a-6d37-4ead-b0e6-c6bbde9da72f
│       Created:  2026-09-28T21:03:39.073128Z
│           Tag:  -
│       Message:  -
│
├ Fetching versions
│
├ Which version(s) do you want to deploy?
├ 2 Worker Version(s) selected
│
├     Worker Version 1:  2815c88a-6d37-4ead-b0e6-c6bbde9da72f
│              Created:  2026-09-28T21:03:39.073128Z
│                  Tag:  -
│              Message:  -
│
├     Worker Version 2:  fc74e3d9-cd45-425a-9d2a-d16dc4961b7a
│              Created:  2026-09-30T06:50:31.662465Z
│                  Tag:  green-system
│              Message:  Green system frozen QA preview; retain production traffic
│
├ What percentage of traffic should Worker Version 1 receive?
├ 100% of traffic
├
├ What percentage of traffic should Worker Version 2 receive?
├ 0% of traffic
├
├ Add a deployment message
│ Deployment message QA override preview only; existing production version remains at 100 percent
│
├ Deploying 2 version(s)
│
├ Syncing non-versioned settings
│
│ Synced non-versioned settings:
│                      logpush:  false
│                observability:  enabled:             true
│                                head_sampling_rate:  1
│               tail_consumers:  <skipped>
│     streaming_tail_consumers:  <skipped>
│
╰  SUCCESS  Deployed dew-theory version 2815c88a-6d37-4ead-b0e6-c6bbde9da72f at 100% and version fc74e3d9-cd45-425a-9d2a-d16dc4961b7a at 0% (1.33 sec)
